// Vitest Snapshot v1, https://vitest.dev/guide/snapshot.html

exports[`<HeroDescription /> > should render correctly with default props 1`] = `
.c0 {
  display: flex;
  flex-direction: column;
  align-items: center;
  justify-content: space-between;
  width: 100%;
  min-height: 100vh;
  height: auto;
  background-color: #ccc;
  border-radius: 0.5rem;
}

.c0 h2 {
  font-size: 4rem;
  text-align: center;
}

.c0 img {
  width: auto;
  height: auto;
}

.c0 p {
  font-size: 1rem;
  text-align: center;
  width: 40%;
}

.c0 a {
  display: flex;
  align-items: center;
  justify-content: center;
  text-decoration: none;
  color: #F5F5F5;
  width: 35rem;
  height: 4rem;
  background-color: #4A1414;
}

@media (max-width: 768px) {
  .c0 a {
    width: 100%;
    height: 2rem;
  }

  .c0 img {
    width: 80%;
    height: 40vh;
  }

  .c0 p {
    width: 80%;
    text-align: justify;
  }
}

<div
  class="c0"
>
  <h2>
    Hero
  </h2>
  <img
    alt="Hero image Hero"
    src="Hero.Image/portrait_uncanny.jpg"
  />
  <p>
    Description
  </p>
  <a
    href="/"
  >
    Voltar
  </a>
</div>
`;
