// Vitest Snapshot v1, https://vitest.dev/guide/snapshot.html

exports[`<CustomInput /> > should render the input with all props passed 1`] = `
.c0 {
  width: 50%;
  height: 4rem;
  border-radius: 10px;
  border: none;
  outline: none;
  text-align: left;
  padding-left: 16px;
  font-size: 1.6rem;
}

.c0::placeholder {
  color: #ccc;
  font-size: 1rem;
  padding-left: 1rem;
}

@media (max-width: 320px) {
  .c0 {
    width: 80%;
    padding-left: 0;
  }

  .c0::placeholder {
    padding-left: 0.4rem;
  }
}

<input
  class="c0"
  placeholder="test"
/>
`;
