// Vitest Snapshot v1, https://vitest.dev/guide/snapshot.html

exports[`<HeroNotFound /> > should render correctly with default props 1`] = `
.c1 {
  font-size: 2.4rem;
  color: #0D0D0D;
  font-weight: 400;
  padding: 32px;
}

.c0 {
  display: flex;
  flex-direction: column;
  align-items: center;
  justify-content: space-around;
  width: 100vw;
  height: 100vh;
  background-color: #ccc;
}

.c0 a {
  display: flex;
  align-items: center;
  justify-content: center;
  text-decoration: none;
  color: #F5F5F5;
  background-color: #4A1414;
  width: 30%;
  height: 4rem;
  border-radius: 0.5rem;
  font-size: 1.5rem;
}

.c0 img {
  width: 20%;
  height: auto;
}

@media (max-width: 320px) {
  .c1 {
    font-size: 1.6rem;
  }
}

@media (max-width: 768px) {
  .c0 a {
    width: 60%;
    font-size: 1rem;
  }

  .c0 img {
    width: 80%;
    height: auto;
  }
}

<div
  class="c0"
>
  <img
    alt="Hero not found"
    src="/spider-man.png"
  />
  <h1
    class="c1"
  >
    Herói não encontrado
  </h1>
  <a
    href="/"
  >
    Voltar
  </a>
</div>
`;
